Total report
+---+-------+--------+-------+------+
| # |  DATE | AMOUNT | CLASS | TAGS |
+---+-------+--------+-------+------+
+---+-------+--------+-------+------+
|   | TOTAL |      0 |       |      |
+---+-------+--------+-------+------+
