+---+------------+--------+--------------+-----------+
| # | DATE       | AMOUNT | CLASS        | TAGS      |
+---+------------+--------+--------------+-----------+
| 0 | 2020-04-24 |   53.6 | Food Outside | [Crucial] |
+---+------------+--------+--------------+-----------+
|   | TOTAL      |   53.6 |              |           |
+---+------------+--------+--------------+-----------+
